// Jest Snapshot v1, https://goo.gl/fbAQLP

exports[`'Coin' matches snapshot 1`] = `
<DocumentFragment>
  <div
    class="Coin"
  />
</DocumentFragment>
`;
